// Jest Snapshot v1, https://goo.gl/fbAQLP

exports[`<Login /> renders without crashing 1`] = `
<ToastConsumer>
  <Component />
</ToastConsumer>
`;
